<?xml version="1.0" encoding="UTF-8"?>
<testsuites name="jest tests" tests="2" failures="0" errors="0" time="3.759">
  <testsuite name="metalsmith-vega" errors="0" failures="0" skipped="0" timestamp="2022-07-26T01:17:29" time="3.712" tests="2">
    <testcase classname="metalsmith-vega lib/fixtures/success should build with path separator &quot;/&quot;" name="metalsmith-vega lib/fixtures/success should build with path separator &quot;/&quot;" time="1.568">
    </testcase>
    <testcase classname="metalsmith-vega lib/fixtures/success should build with path separator &quot;\&quot;" name="metalsmith-vega lib/fixtures/success should build with path separator &quot;\&quot;" time="1.253">
    </testcase>
  </testsuite>
</testsuites>